EN reflejo NULL C:/hlocal/p2_mia/Practica2/reflejo.vhd sub00/vhpl02 1477470876
EN divisor NULL C:/hlocal/p2_mia/Practica2/divisor.vhd sub00/vhpl00 1477470874
AR reflejo behavioral C:/hlocal/p2_mia/Practica2/reflejo.vhd sub00/vhpl03 1477470877
AR divisor divisor_arch C:/hlocal/p2_mia/Practica2/divisor.vhd sub00/vhpl01 1477470875
